<html>
<body>
<pre>
<h1>µVision Build Log</h1>
<h2>Tool Versions:</h2>
IDE-Version: µVision V5.25.2.0
Copyright (C) 2018 ARM Ltd and ARM Germany GmbH. All rights reserved.
License Information: Joost Hartkamp, Hartkamp Engineering, LIC=----
 
Tool Versions:
Toolchain:       MDK-Lite  Version: 5.25.2.0
Toolchain Path:  C:\Keil_v5\ARM\ARMCC\Bin
C Compiler:      Armcc.exe V5.06 update 6 (build 750)
Assembler:       Armasm.exe V5.06 update 6 (build 750)
Linker/Locator:  ArmLink.exe V5.06 update 6 (build 750)
Library Manager: ArmAr.exe V5.06 update 6 (build 750)
Hex Converter:   FromElf.exe V5.06 update 6 (build 750)
CPU DLL:         SARMCM3.DLL V5.25.2.0
Dialog DLL:      DARMCM1.DLL V1.19.1.0
Target DLL:      STLink\ST-LINKIII-KEIL_SWO.dll V3.0.1.0
Dialog DLL:      TARMCM1.DLL V1.14.0.0
 
<h2>Project:</h2>
C:\Users\joost\OneDrive\School\windesheim\ict jaar 3\KBS ESA 3\git\PeopleCounter\discovery_projects\projects\calipile_test\calipile.uvprojx
Project File Date:  12/13/2019

<h2>Output:</h2>
*** Using Compiler 'V5.06 update 6 (build 750)', folder: 'C:\Keil_v5\ARM\ARMCC\Bin'
Rebuild target 'I2C EEPROM'
compiling delay.c...
compiling stm32f0xx_it.c...
compiling main.c...
compiling VL53L1X_api.c...
compiling calipile_discovery.c...
compiling vl53l1_platform.c...
src\vl53l1_platform.c(53): warning:  #1215-D: #warning directive: "HAL I2C module must be enable "
  #warning "HAL I2C module must be enable "
src\vl53l1_platform.c: 1 warning, 0 errors
compiling VL53L1X_calibration.c...
compiling hardware_communication.c...
compiling stm32f0_discovery.c...
compiling stm32f0xx_exti.c...
compiling stm32f0xx_gpio.c...
compiling stm32f0xx_i2c.c...
compiling stm32f0xx_misc.c...
compiling stm32f0xx_rcc.c...
compiling stm32f0xx_syscfg.c...
assembling startup_stm32f0xx.s...
compiling stm32f0xx_usart.c...
compiling system_stm32f0xx.c...
linking...
Program Size: Code=4696 RO-data=224 RW-data=68 ZI-data=1036  
FromELF: creating hex file...
".\obj\lesson6.axf" - 0 Error(s), 1 Warning(s).

<h2>Software Packages used:</h2>

Package Vendor: Keil
                http://www.keil.com/pack/Keil.STM32F0xx_DFP.2.0.0.pack
                Keil.STM32F0xx_DFP.2.0.0
                STMicroelectronics STM32F0 Series Device Support, Drivers and Examples

<h2>Collection of Component include folders:</h2>
  .\RTE\_I2C_EEPROM
  C:\Keil_v5\ARM\PACK\Keil\STM32F0xx_DFP\2.0.0\Drivers\CMSIS\Device\ST\STM32F0xx\Include

<h2>Collection of Component Files used:</h2>
Build Time Elapsed:  00:00:06
</pre>
</body>
</html>
